Загружено слов: 4159
Словарь успешно загружен, слов: 4159
Загадано слово: липец
Игра начата. Загаданное слово: липец
Сравнение: арбуз -> -----
Точная позиция: {}, Нет вообще: [а, р, б, у, з], Есть в слове: {}
Ход: арбуз -> -----, осталось попыток: 5
Сравнение: пилон -> ^+^--
Точная позиция: {1=и}, Нет вообще: [а, р, б, у, з, н, о], Есть в слове: {и=1, л=1, п=1}
Ход: пилон -> ^+^--, осталось попыток: 4
Подсказка выведенная пользователю: липцы
Сравнение: липцы -> +++^-
Точная позиция: {0=л, 1=и, 2=п}, Нет вообще: [а, р, б, у, з, ы, н, о], Есть в слове: {ц=1, и=1, л=1, п=1}
Ход: липцы -> +++^-, осталось попыток: 3
Подсказка выведенная пользователю: липец
Сравнение: липец -> +++++
Точная позиция: {0=л, 1=и, 2=п, 3=е, 4=ц}, Нет вообще: [а, р, б, у, з, ы, н, о], Есть в слове: {е=1, ц=1, и=1, л=1, п=1}
Верный ответ!
Загаданное слов - липец
Ход: липец -> +++++, осталось попыток: 2
Загадано слово: жираф
Игра начата. Загаданное слово: жираф
Подсказка выведенная пользователю: мейоз
Сравнение: мейоз -> -----
Точная позиция: {}, Нет вообще: [е, з, й, м, о], Есть в слове: {}
Ход: мейоз -> -----, осталось попыток: 5
Подсказка выведенная пользователю: тулук
Сравнение: тулук -> -----
Точная позиция: {}, Нет вообще: [т, у, е, з, й, к, л, м, о], Есть в слове: {}
Ход: тулук -> -----, осталось попыток: 4
Подсказка выведенная пользователю: юница
Сравнение: юница -> --^-^
Точная позиция: {}, Нет вообще: [т, у, е, ц, з, й, к, л, м, н, о, ю], Есть в слове: {а=1, и=1}
Ход: юница -> --^-^, осталось попыток: 3
Подсказка выведенная пользователю: сагиб
Сравнение: сагиб -> -^-^-
Точная позиция: {}, Нет вообще: [с, т, у, ц, ю, б, г, е, з, й, к, л, м, н, о], Есть в слове: {а=1, и=1}
Ход: сагиб -> -^-^-, осталось попыток: 2
Подсказка выведенная пользователю: вирша
Сравнение: вирша -> -++-^
Точная позиция: {1=и, 2=р}, Нет вообще: [с, т, у, ц, ш, ю, б, в, г, е, з, й, к, л, м, н, о], Есть в слове: {а=1, р=1, и=1}
Ход: вирша -> -++-^, осталось попыток: 1
Подсказка выведенная пользователю: жираф
Сравнение: жираф -> +++++
Точная позиция: {0=ж, 1=и, 2=р, 3=а, 4=ф}, Нет вообще: [с, т, у, ц, ш, ю, б, в, г, е, з, й, к, л, м, н, о], Есть в слове: {а=1, р=1, ф=1, ж=1, и=1}
Верный ответ!
Загаданное слов - жираф
Ход: жираф -> +++++, осталось попыток: 0
Загадано слово: мелок
Игра начата. Загаданное слово: мелок
Подсказка выведенная пользователю: койне
Подсказка выведенная пользователю: мойва
Сравнение: мойва -> +^---
Точная позиция: {0=м}, Нет вообще: [а, в, й], Есть в слове: {м=1, о=1}
Ход: мойва -> +^---, осталось попыток: 5
Подсказка выведенная пользователю: мохер
Подсказка выведенная пользователю: моном
Подсказка выведенная пользователю: млеко
Подсказка выведенная пользователю: мосол
Подсказка выведенная пользователю: модус
Подсказка выведенная пользователю: мотор
Подсказка выведенная пользователю: мотня
Подсказка выведенная пользователю: медок
Сравнение: медок -> ++-++
Точная позиция: {0=м, 1=е, 3=о, 4=к}, Нет вообще: [а, в, д, й], Есть в слове: {е=1, к=1, м=1, о=1}
Ход: медок -> ++-++, осталось попыток: 4
Подсказка выведенная пользователю: мелок
Подсказка выведенная пользователю: мешок
Подсказка выведенная пользователю: мешок
Подсказка выведенная пользователю: мелок
Подсказка выведенная пользователю: мешок
Подсказка выведенная пользователю: мелок
Сравнение: мелок -> +++++
Точная позиция: {0=м, 1=е, 2=л, 3=о, 4=к}, Нет вообще: [а, в, д, й], Есть в слове: {е=1, к=1, л=1, м=1, о=1}